Archive member included to satisfy reference by file (symbol)

c:/st/stm32cubeide_1.12.0/stm32cubeide/plugins/com.st.stm32cube.ide.mcu.externaltools.gnu-tools-for-stm32.10.3-2021.10.win32_1.0.200.202301161003/tools/bin/../lib/gcc/arm-none-eabi/10.3.1/../../../../arm-none-eabi/lib/thumb/v6-m/nofp\libc_nano.a(lib_a-errno.o)
                              ./Core/Src/syscalls.o (__errno)
c:/st/stm32cubeide_1.12.0/stm32cubeide/plugins/com.st.stm32cube.ide.mcu.externaltools.gnu-tools-for-stm32.10.3-2021.10.win32_1.0.200.202301161003/tools/bin/../lib/gcc/arm-none-eabi/10.3.1/../../../../arm-none-eabi/lib/thumb/v6-m/nofp\libc_nano.a(lib_a-exit.o)
                              c:/st/stm32cubeide_1.12.0/stm32cubeide/plugins/com.st.stm32cube.ide.mcu.externaltools.gnu-tools-for-stm32.10.3-2021.10.win32_1.0.200.202301161003/tools/bin/../lib/gcc/arm-none-eabi/10.3.1/../../../../arm-none-eabi/lib/thumb/v6-m/nofp/crt0.o (exit)
c:/st/stm32cubeide_1.12.0/stm32cubeide/plugins/com.st.stm32cube.ide.mcu.externaltools.gnu-tools-for-stm32.10.3-2021.10.win32_1.0.200.202301161003/tools/bin/../lib/gcc/arm-none-eabi/10.3.1/../../../../arm-none-eabi/lib/thumb/v6-m/nofp\libc_nano.a(lib_a-impure.o)
                              c:/st/stm32cubeide_1.12.0/stm32cubeide/plugins/com.st.stm32cube.ide.mcu.externaltools.gnu-tools-for-stm32.10.3-2021.10.win32_1.0.200.202301161003/tools/bin/../lib/gcc/arm-none-eabi/10.3.1/../../../../arm-none-eabi/lib/thumb/v6-m/nofp\libc_nano.a(lib_a-exit.o) (_global_impure_ptr)
c:/st/stm32cubeide_1.12.0/stm32cubeide/plugins/com.st.stm32cube.ide.mcu.externaltools.gnu-tools-for-stm32.10.3-2021.10.win32_1.0.200.202301161003/tools/bin/../lib/gcc/arm-none-eabi/10.3.1/../../../../arm-none-eabi/lib/thumb/v6-m/nofp\libc_nano.a(lib_a-init.o)
                              c:/st/stm32cubeide_1.12.0/stm32cubeide/plugins/com.st.stm32cube.ide.mcu.externaltools.gnu-tools-for-stm32.10.3-2021.10.win32_1.0.200.202301161003/tools/bin/../lib/gcc/arm-none-eabi/10.3.1/../../../../arm-none-eabi/lib/thumb/v6-m/nofp/crt0.o (__libc_init_array)
c:/st/stm32cubeide_1.12.0/stm32cubeide/plugins/com.st.stm32cube.ide.mcu.externaltools.gnu-tools-for-stm32.10.3-2021.10.win32_1.0.200.202301161003/tools/bin/../lib/gcc/arm-none-eabi/10.3.1/../../../../arm-none-eabi/lib/thumb/v6-m/nofp\libc_nano.a(lib_a-memset.o)
                              c:/st/stm32cubeide_1.12.0/stm32cubeide/plugins/com.st.stm32cube.ide.mcu.externaltools.gnu-tools-for-stm32.10.3-2021.10.win32_1.0.200.202301161003/tools/bin/../lib/gcc/arm-none-eabi/10.3.1/../../../../arm-none-eabi/lib/thumb/v6-m/nofp/crt0.o (memset)
c:/st/stm32cubeide_1.12.0/stm32cubeide/plugins/com.st.stm32cube.ide.mcu.externaltools.gnu-tools-for-stm32.10.3-2021.10.win32_1.0.200.202301161003/tools/bin/../lib/gcc/arm-none-eabi/10.3.1/thumb/v6-m/nofp\libgcc.a(_udivsi3.o)
                              ./Core/Src/system_stm32f0xx.o (__aeabi_uidiv)
c:/st/stm32cubeide_1.12.0/stm32cubeide/plugins/com.st.stm32cube.ide.mcu.externaltools.gnu-tools-for-stm32.10.3-2021.10.win32_1.0.200.202301161003/tools/bin/../lib/gcc/arm-none-eabi/10.3.1/thumb/v6-m/nofp\libgcc.a(_divsi3.o)
                              ./Middlewares/Third_Party/FatFs/src/ff.o (__aeabi_idiv)
c:/st/stm32cubeide_1.12.0/stm32cubeide/plugins/com.st.stm32cube.ide.mcu.externaltools.gnu-tools-for-stm32.10.3-2021.10.win32_1.0.200.202301161003/tools/bin/../lib/gcc/arm-none-eabi/10.3.1/thumb/v6-m/nofp\libgcc.a(_dvmd_tls.o)
                              c:/st/stm32cubeide_1.12.0/stm32cubeide/plugins/com.st.stm32cube.ide.mcu.externaltools.gnu-tools-for-stm32.10.3-2021.10.win32_1.0.200.202301161003/tools/bin/../lib/gcc/arm-none-eabi/10.3.1/thumb/v6-m/nofp\libgcc.a(_udivsi3.o) (__aeabi_idiv0)

Discarded input sections

 .text          0x0000000000000000        0x0 c:/st/stm32cubeide_1.12.0/stm32cubeide/plugins/com.st.stm32cube.ide.mcu.externaltools.gnu-tools-for-stm32.10.3-2021.10.win32_1.0.200.202301161003/tools/bin/../lib/gcc/arm-none-eabi/10.3.1/thumb/v6-m/nofp/crti.o
 .data          0x0000000000000000        0x0 c:/st/stm32cubeide_1.12.0/stm32cubeide/plugins/com.st.stm32cube.ide.mcu.externaltools.gnu-tools-for-stm32.10.3-2021.10.win32_1.0.200.202301161003/tools/bin/../lib/gcc/arm-none-eabi/10.3.1/thumb/v6-m/nofp/crti.o
 .bss           0x0000000000000000        0x0 c:/st/stm32cubeide_1.12.0/stm32cubeide/plugins/com.st.stm32cube.ide.mcu.externaltools.gnu-tools-for-stm32.10.3-2021.10.win32_1.0.200.202301161003/tools/bin/../lib/gcc/arm-none-eabi/10.3.1/thumb/v6-m/nofp/crti.o
 .data          0x0000000000000000        0x4 c:/st/stm32cubeide_1.12.0/stm32cubeide/plugins/com.st.stm32cube.ide.mcu.externaltools.gnu-tools-for-stm32.10.3-2021.10.win32_1.0.200.202301161003/tools/bin/../lib/gcc/arm-none-eabi/10.3.1/thumb/v6-m/nofp/crtbegin.o
[...]
Memory Configuration

Name             Origin             Length             Attributes
RAM              0x0000000020000000 0x0000000000002000 xrw
FLASH            0x0000000008000000 0x0000000000010000 xr
*default*        0x0000000000000000 0xffffffffffffffff

Linker script and memory map

LOAD c:/st/stm32cubeide_1.12.0/stm32cubeide/plugins/com.st.stm32cube.ide.mcu.externaltools.gnu-tools-for-stm32.10.3-2021.10.win32_1.0.200.202301161003/tools/bin/../lib/gcc/arm-none-eabi/10.3.1/thumb/v6-m/nofp/crti.o
LOAD c:/st/stm32cubeide_1.12.0/stm32cubeide/plugins/com.st.stm32cube.ide.mcu.externaltools.gnu-tools-for-stm32.10.3-2021.10.win32_1.0.200.202301161003/tools/bin/../lib/gcc/arm-none-eabi/10.3.1/thumb/v6-m/nofp/crtbegin.o
LOAD c:/st/stm32cubeide_1.12.0/stm32cubeide/plugins/com.st.stm32cube.ide.mcu.externaltools.gnu-tools-for-stm32.10.3-2021.10.win32_1.0.200.202301161003/tools/bin/../lib/gcc/arm-none-eabi/10.3.1/../../../../arm-none-eabi/lib/thumb/v6-m/nofp/crt0.o
LOAD ./Core/Src/main.o
LOAD ./Core/Src/sd.o
LOAD ./Core/Src/stm32f0xx_hal_msp.o
LOAD ./Core/Src/stm32f0xx_it.o
LOAD ./Core/Src/syscalls.o
LOAD ./Core/Src/sysmem.o
LOAD ./Core/Src/system_stm32f0xx.o
LOAD ./Core/Startup/startup_stm32f051r8tx.o
LOAD ./Drivers/STM32F0xx_HAL_Driver/Src/stm32f0xx_hal.o
LOAD ./Drivers/STM32F0xx_HAL_Driver/Src/stm32f0xx_hal_cortex.o
LOAD ./Drivers/STM32F0xx_HAL_Driver/Src/stm32f0xx_hal_dma.o
LOAD ./Drivers/STM32F0xx_HAL_Driver/Src/stm32f0xx_hal_exti.o
LOAD ./Drivers/STM32F0xx_HAL_Driver/Src/stm32f0xx_hal_flash.o
LOAD ./Drivers/STM32F0xx_HAL_Driver/Src/stm32f0xx_hal_flash_ex.o
LOAD ./Drivers/STM32F0xx_HAL_Driver/Src/stm32f0xx_hal_gpio.o
LOAD ./Drivers/STM32F0xx_HAL_Driver/Src/stm32f0xx_hal_i2c.o
LOAD ./Drivers/STM32F0xx_HAL_Driver/Src/stm32f0xx_hal_i2c_ex.o
LOAD ./Drivers/STM32F0xx_HAL_Driver/Src/stm32f0xx_hal_pwr.o
LOAD ./Drivers/STM32F0xx_HAL_Driver/Src/stm32f0xx_hal_pwr_ex.o
LOAD ./Drivers/STM32F0xx_HAL_Driver/Src/stm32f0xx_hal_rcc.o
LOAD ./Drivers/STM32F0xx_HAL_Driver/Src/stm32f0xx_hal_rcc_ex.o
LOAD ./Drivers/STM32F0xx_HAL_Driver/Src/stm32f0xx_hal_spi.o
LOAD ./Drivers/STM32F0xx_HAL_Driver/Src/stm32f0xx_hal_spi_ex.o
LOAD ./Drivers/STM32F0xx_HAL_Driver/Src/stm32f0xx_hal_tim.o
LOAD ./Drivers/STM32F0xx_HAL_Driver/Src/stm32f0xx_hal_tim_ex.o
LOAD ./Drivers/STM32F0xx_HAL_Driver/Src/stm32f0xx_hal_uart.o
LOAD ./Drivers/STM32F0xx_HAL_Driver/Src/stm32f0xx_hal_uart_ex.o
LOAD ./FATFS/App/fatfs.o
LOAD ./FATFS/Target/user_diskio.o
LOAD ./Middlewares/Third_Party/FatFs/src/diskio.o
LOAD ./Middlewares/Third_Party/FatFs/src/ff.o
LOAD ./Middlewares/Third_Party/FatFs/src/ff_gen_drv.o
LOAD ./Middlewares/Third_Party/FatFs/src/option/ccsbcs.o
LOAD ./Middlewares/Third_Party/FatFs/src/option/syscall.o
START GROUP
LOAD c:/st/stm32cubeide_1.12.0/stm32cubeide/plugins/com.st.stm32cube.ide.mcu.externaltools.gnu-tools-for-stm32.10.3-2021.10.win32_1.0.200.202301161003/tools/bin/../lib/gcc/arm-none-eabi/10.3.1/../../../../arm-none-eabi/lib/thumb/v6-m/nofp\libc_nano.a
LOAD c:/st/stm32cubeide_1.12.0/stm32cubeide/plugins/com.st.stm32cube.ide.mcu.externaltools.gnu-tools-for-stm32.10.3-2021.10.win32_1.0.200.202301161003/tools/bin/../lib/gcc/arm-none-eabi/10.3.1/../../../../arm-none-eabi/lib/thumb/v6-m/nofp\libm.a
END GROUP
START GROUP
LOAD c:/st/stm32cubeide_1.12.0/stm32cubeide/plugins/com.st.stm32cube.ide.mcu.externaltools.gnu-tools-for-stm32.10.3-2021.10.win32_1.0.200.202301161003/tools/bin/../lib/gcc/arm-none-eabi/10.3.1/thumb/v6-m/nofp\libgcc.a
LOAD c:/st/stm32cubeide_1.12.0/stm32cubeide/plugins/com.st.stm32cube.ide.mcu.externaltools.gnu-tools-for-stm32.10.3-2021.10.win32_1.0.200.202301161003/tools/bin/../lib/gcc/arm-none-eabi/10.3.1/../../../../arm-none-eabi/lib/thumb/v6-m/nofp\libc_nano.a
END GROUP
START GROUP
LOAD c:/st/stm32cubeide_1.12.0/stm32cubeide/plugins/com.st.stm32cube.ide.mcu.externaltools.gnu-tools-for-stm32.10.3-2021.10.win32_1.0.200.202301161003/tools/bin/../lib/gcc/arm-none-eabi/10.3.1/thumb/v6-m/nofp\libgcc.a
LOAD c:/st/stm32cubeide_1.12.0/stm32cubeide/plugins/com.st.stm32cube.ide.mcu.externaltools.gnu-tools-for-stm32.10.3-2021.10.win32_1.0.200.202301161003/tools/bin/../lib/gcc/arm-none-eabi/10.3.1/../../../../arm-none-eabi/lib/thumb/v6-m/nofp\libc_nano.a
LOAD c:/st/stm32cubeide_1.12.0/stm32cubeide/plugins/com.st.stm32cube.ide.mcu.externaltools.gnu-tools-for-stm32.10.3-2021.10.win32_1.0.200.202301161003/tools/bin/../lib/gcc/arm-none-eabi/10.3.1/../../../../arm-none-eabi/lib/thumb/v6-m/nofp\libnosys.a
END GROUP
START GROUP
LOAD c:/st/stm32cubeide_1.12.0/stm32cubeide/plugins/com.st.stm32cube.ide.mcu.externaltools.gnu-tools-for-stm32.10.3-2021.10.win32_1.0.200.202301161003/tools/bin/../lib/gcc/arm-none-eabi/10.3.1/thumb/v6-m/nofp\libgcc.a
LOAD c:/st/stm32cubeide_1.12.0/stm32cubeide/plugins/com.st.stm32cube.ide.mcu.externaltools.gnu-tools-for-stm32.10.3-2021.10.win32_1.0.200.202301161003/tools/bin/../lib/gcc/arm-none-eabi/10.3.1/../../../../arm-none-eabi/lib/thumb/v6-m/nofp\libc_nano.a
LOAD c:/st/stm32cubeide_1.12.0/stm32cubeide/plugins/com.st.stm32cube.ide.mcu.externaltools.gnu-tools-for-stm32.10.3-2021.10.win32_1.0.200.202301161003/tools/bin/../lib/gcc/arm-none-eabi/10.3.1/../../../../arm-none-eabi/lib/thumb/v6-m/nofp\libnosys.a
END GROUP
LOAD c:/st/stm32cubeide_1.12.0/stm32cubeide/plugins/com.st.stm32cube.ide.mcu.externaltools.gnu-tools-for-stm32.10.3-2021.10.win32_1.0.200.202301161003/tools/bin/../lib/gcc/arm-none-eabi/10.3.1/thumb/v6-m/nofp/crtend.o
LOAD c:/st/stm32cubeide_1.12.0/stm32cubeide/plugins/com.st.stm32cube.ide.mcu.externaltools.gnu-tools-for-stm32.10.3-2021.10.win32_1.0.200.202301161003/tools/bin/../lib/gcc/arm-none-eabi/10.3.1/thumb/v6-m/nofp/crtn.o
                0x0000000020002000                _estack = (ORIGIN (RAM) + LENGTH (RAM))
                0x0000000000000200                _Min_Heap_Size = 0x200
                0x0000000000000400                _Min_Stack_Size = 0x400

.isr_vector     0x0000000008000000       0xc0
                0x0000000008000000                . = ALIGN (0x4)
 *(.isr_vector)
 .isr_vector    0x0000000008000000       0xc0 ./Core/Startup/startup_stm32f051r8tx.o
                0x0000000008000000                g_pfnVectors
                0x00000000080000c0                . = ALIGN (0x4)

.text           0x00000000080000c0     0x70b0
                0x00000000080000c0                . = ALIGN (0x4)
 *(.text)
 .text          0x00000000080000c0       0x48 c:/st/stm32cubeide_1.12.0/stm32cubeide/plugins/com.st.stm32cube.ide.mcu.externaltools.gnu-tools-for-stm32.10.3-2021.10.win32_1.0.200.202301161003/tools/bin/../lib/gcc/arm-none-eabi/10.3.1/thumb/v6-m/nofp/crtbegin.o
 .text          0x0000000008000108      0x114 c:/st/stm32cubeide_1.12.0/stm32cubeide/plugins/com.st.stm32cube.ide.mcu.externaltools.gnu-tools-for-stm32.10.3-2021.10.win32_1.0.200.202301161003/tools/bin/../lib/gcc/arm-none-eabi/10.3.1/thumb/v6-m/nofp\libgcc.a(_udivsi3.o)
                0x0000000008000108                __aeabi_uidiv
                0x0000000008000108                __udivsi3
                0x0000000008000214                __aeabi_uidivmod
 .text          0x000000000800021c        0x4 c:/st/stm32cubeide_1.12.0/stm32cubeide/plugins/com.st.stm32cube.ide.mcu.externaltools.gnu-tools-for-stm32.10.3-2021.10.win32_1.0.200.202301161003/tools/bin/../lib/gcc/arm-none-eabi/10.3.1/thumb/v6-m/nofp\libgcc.a(_dvmd_tls.o)
                0x000000000800021c                __aeabi_idiv0
                0x000000000800021c                __aeabi_ldiv0
 *(.text*)
 .text.main     0x0000000008000220       0x7c ./Core/Src/main.o
                0x0000000008000220                main
 .text.SystemClock_Config
                0x000000000800029c       0xae ./Core/Src/main.o
                0x000000000800029c                SystemClock_Config
 *fill*         0x000000000800034a        0x2 
 .text.MX_SPI2_Init
                0x000000000800034c       0xa0 ./Core/Src/main.o
 .text.MX_USART1_UART_Init
                0x00000000080003ec       0x60 ./Core/Src/main.o
 .text.MX_GPIO_Init
                0x000000000800044c       0xe8 ./Core/Src/main.o
 .text.Error_Handler
                0x0000000008000534        0xa ./Core/Src/main.o
                0x0000000008000534                Error_Handler
 *fill*         0x000000000800053e        0x2 
 .text.SELECT   0x0000000008000540       0x1c ./Core/Src/sd.o
 .text.DESELECT
                0x000000000800055c       0x1c ./Core/Src/sd.o
 .text.SPI_TxByte
                0x0000000008000578       0x38 ./Core/Src/sd.o
 .text.SPI_RxByte
                0x00000000080005b0       0x44 ./Core/Src/sd.o
 .text.SPI_RxBytePtr
                0x00000000080005f4       0x1c ./Core/Src/sd.o
 .text.SD_ReadyWait
                0x0000000008000610       0x3c ./Core/Src/sd.o
 .text.SD_PowerOn
                0x000000000800064c       0xa8 ./Core/Src/sd.o
 .text.SD_PowerOff
                0x00000000080006f4       0x14 ./Core/Src/sd.o
 .text.SD_CheckPower
                0x0000000008000708       0x14 ./Core/Src/sd.o
 .text.SD_RxDataBlock
                0x000000000800071c       0x78 ./Core/Src/sd.o
 .text.SD_TxDataBlock
                0x0000000008000794       0xd0 ./Core/Src/sd.o
 .text.SD_SendCmd
                0x0000000008000864       0xd2 ./Core/Src/sd.o
 *fill*         0x0000000008000936        0x2 
 .text.SD_disk_initialize
                0x0000000008000938      0x218 ./Core/Src/sd.o
                0x0000000008000938                SD_disk_initialize
 .text.SD_disk_status
                0x0000000008000b50       0x2c ./Core/Src/sd.o
                0x0000000008000b50                SD_disk_status
 .text.SD_disk_read
                0x0000000008000b7c       0xe0 ./Core/Src/sd.o
                0x0000000008000b7c                SD_disk_read
 .text.SD_disk_write
                0x0000000008000c5c      0x110 ./Core/Src/sd.o
                0x0000000008000c5c                SD_disk_write
 .text.SD_disk_ioctl
                0x0000000008000d6c      0x274 ./Core/Src/sd.o
                0x0000000008000d6c                SD_disk_ioctl
 .text.HAL_MspInit
                0x0000000008000fe0       0x48 ./Core/Src/stm32f0xx_hal_msp.o
                0x0000000008000fe0                HAL_MspInit
 .text.HAL_SPI_MspInit
                0x0000000008001028       0x9c ./Core/Src/stm32f0xx_hal_msp.o
                0x0000000008001028                HAL_SPI_MspInit
 .text.HAL_UART_MspInit
                0x00000000080010c4       0x9c ./Core/Src/stm32f0xx_hal_msp.o
                0x00000000080010c4                HAL_UART_MspInit
 .text.SDTimer_Handler
                0x0000000008001160       0x44 ./Core/Src/stm32f0xx_it.o
                0x0000000008001160                SDTimer_Handler
 .text.NMI_Handler
                0x00000000080011a4        0x6 ./Core/Src/stm32f0xx_it.o
                0x00000000080011a4                NMI_Handler
 .text.HardFault_Handler
                0x00000000080011aa        0x6 ./Core/Src/stm32f0xx_it.o
                0x00000000080011aa                HardFault_Handler
 .text.SVC_Handler
                0x00000000080011b0        0xa ./Core/Src/stm32f0xx_it.o
                0x00000000080011b0                SVC_Handler
 .text.PendSV_Handler
                0x00000000080011ba        0xa ./Core/Src/stm32f0xx_it.o
                0x00000000080011ba                PendSV_Handler
 .text.SysTick_Handler
                0x00000000080011c4       0x98 ./Core/Src/stm32f0xx_it.o
                0x00000000080011c4                SysTick_Handler
 .text.SystemInit
                0x000000000800125c        0xa ./Core/Src/system_stm32f0xx.o
                0x000000000800125c                SystemInit
 *fill*         0x0000000008001266        0x2 
 .text.Reset_Handler
                0x0000000008001268       0x50 ./Core/Startup/startup_stm32f051r8tx.o
                0x0000000008001268                Reset_Handler
 .text.Default_Handler
                0x00000000080012b8        0x2 ./Core/Startup/startup_stm32f051r8tx.o
                0x00000000080012b8                TIM1_CC_IRQHandler
                0x00000000080012b8                TSC_IRQHandler
                0x00000000080012b8                ADC1_COMP_IRQHandler
                0x00000000080012b8                PVD_IRQHandler
                0x00000000080012b8                I2C1_IRQHandler
                0x00000000080012b8                RCC_CRS_IRQHandler
                0x00000000080012b8                SPI1_IRQHandler
                0x00000000080012b8                TIM6_DAC_IRQHandler
                0x00000000080012b8                EXTI2_3_IRQHandler
                0x00000000080012b8                I2C2_IRQHandler
                0x00000000080012b8                TIM17_IRQHandler
                0x00000000080012b8                CEC_CAN_IRQHandler
                0x00000000080012b8                RTC_IRQHandler
                0x00000000080012b8                TIM16_IRQHandler
                0x00000000080012b8                TIM3_IRQHandler
                0x00000000080012b8                EXTI4_15_IRQHandler
                0x00000000080012b8                DMA1_Channel1_IRQHandler
                0x00000000080012b8                Default_Handler
                0x00000000080012b8                TIM14_IRQHandler
                0x00000000080012b8                DMA1_Channel4_5_IRQHandler
                0x00000000080012b8                TIM15_IRQHandler
                0x00000000080012b8                EXTI0_1_IRQHandler
                0x00000000080012b8                SPI2_IRQHandler
                0x00000000080012b8                WWDG_IRQHandler
                0x00000000080012b8                TIM2_IRQHandler
                0x00000000080012b8                DMA1_Channel2_3_IRQHandler
                0x00000000080012b8                USART2_IRQHandler
                0x00000000080012b8                FLASH_IRQHandler
                0x00000000080012b8                USART1_IRQHandler
                0x00000000080012b8                TIM1_BRK_UP_TRG_COM_IRQHandler
 *fill*         0x00000000080012ba        0x2 
 .text.HAL_Init
                0x00000000080012bc       0x28 ./Drivers/STM32F0xx_HAL_Driver/Src/stm32f0xx_hal.o
                0x00000000080012bc                HAL_Init
 .text.HAL_InitTick
                0x00000000080012e4       0x68 ./Drivers/STM32F0xx_HAL_Driver/Src/stm32f0xx_hal.o
                0x00000000080012e4                HAL_InitTick
 .text.HAL_IncTick
                0x000000000800134c       0x24 ./Drivers/STM32F0xx_HAL_Driver/Src/stm32f0xx_hal.o
                0x000000000800134c                HAL_IncTick
 .text.HAL_GetTick
                0x0000000008001370       0x14 ./Drivers/STM32F0xx_HAL_Driver/Src/stm32f0xx_hal.o
                0x0000000008001370                HAL_GetTick
 .text.__NVIC_SetPriority
                0x0000000008001384       0xdc ./Drivers/STM32F0xx_HAL_Driver/Src/stm32f0xx_hal_cortex.o
 .text.SysTick_Config
                0x0000000008001460       0x48 ./Drivers/STM32F0xx_HAL_Driver/Src/stm32f0xx_hal_cortex.o
 .text.HAL_NVIC_SetPriority
                0x00000000080014a8       0x2a ./Drivers/STM32F0xx_HAL_Driver/Src/stm32f0xx_hal_cortex.o
                0x00000000080014a8                HAL_NVIC_SetPriority
 .text.HAL_SYSTICK_Config
                0x00000000080014d2       0x1a ./Drivers/STM32F0xx_HAL_Driver/Src/stm32f0xx_hal_cortex.o
                0x00000000080014d2                HAL_SYSTICK_Config
 .text.HAL_GPIO_Init
                0x00000000080014ec      0x2e0 ./Drivers/STM32F0xx_HAL_Driver/Src/stm32f0xx_hal_gpio.o
                0x00000000080014ec                HAL_GPIO_Init
 .text.HAL_GPIO_WritePin
                0x00000000080017cc       0x3a ./Drivers/STM32F0xx_HAL_Driver/Src/stm32f0xx_hal_gpio.o
                0x00000000080017cc                HAL_GPIO_WritePin
 *fill*         0x0000000008001806        0x2 
 .text.HAL_RCC_OscConfig
                0x0000000008001808      0x634 ./Drivers/STM32F0xx_HAL_Driver/Src/stm32f0xx_hal_rcc.o
                0x0000000008001808                HAL_RCC_OscConfig
 .text.HAL_RCC_ClockConfig
                0x0000000008001e3c      0x19c ./Drivers/STM32F0xx_HAL_Driver/Src/stm32f0xx_hal_rcc.o
                0x0000000008001e3c                HAL_RCC_ClockConfig
 .text.HAL_RCC_GetSysClockFreq
                0x0000000008001fd8       0xac ./Drivers/STM32F0xx_HAL_Driver/Src/stm32f0xx_hal_rcc.o
                0x0000000008001fd8                HAL_RCC_GetSysClockFreq
 .text.HAL_RCC_GetHCLKFreq
                0x0000000008002084       0x14 ./Drivers/STM32F0xx_HAL_Driver/Src/stm32f0xx_hal_rcc.o
                0x0000000008002084                HAL_RCC_GetHCLKFreq
 .text.HAL_RCC_GetPCLK1Freq
                0x0000000008002098       0x2c ./Drivers/STM32F0xx_HAL_Driver/Src/stm32f0xx_hal_rcc.o
                0x0000000008002098                HAL_RCC_GetPCLK1Freq
 .text.HAL_RCCEx_PeriphCLKConfig
                0x00000000080020c4      0x1bc ./Drivers/STM32F0xx_HAL_Driver/Src/stm32f0xx_hal_rcc_ex.o
                0x00000000080020c4                HAL_RCCEx_PeriphCLKConfig
 .text.HAL_SPI_Init
                0x0000000008002280      0x170 ./Drivers/STM32F0xx_HAL_Driver/Src/stm32f0xx_hal_spi.o
                0x0000000008002280                HAL_SPI_Init
 .text.HAL_SPI_Transmit
                0x00000000080023f0      0x2be ./Drivers/STM32F0xx_HAL_Driver/Src/stm32f0xx_hal_spi.o
                0x00000000080023f0                HAL_SPI_Transmit
 *fill*         0x00000000080026ae        0x2 
 .text.HAL_SPI_TransmitReceive
                0x00000000080026b0      0x3c4 ./Drivers/STM32F0xx_HAL_Driver/Src/stm32f0xx_hal_spi.o
                0x00000000080026b0                HAL_SPI_TransmitReceive
 .text.HAL_SPI_GetState
                0x0000000008002a74       0x18 ./Drivers/STM32F0xx_HAL_Driver/Src/stm32f0xx_hal_spi.o
                0x0000000008002a74                HAL_SPI_GetState
 .text.SPI_WaitFlagStateUntilTimeout
                0x0000000008002a8c      0x11c ./Drivers/STM32F0xx_HAL_Driver/Src/stm32f0xx_hal_spi.o
 .text.SPI_WaitFifoStateUntilTimeout
                0x0000000008002ba8      0x144 ./Drivers/STM32F0xx_HAL_Driver/Src/stm32f0xx_hal_spi.o
 .text.SPI_EndRxTxTransaction
                0x0000000008002cec       0x8c ./Drivers/STM32F0xx_HAL_Driver/Src/stm32f0xx_hal_spi.o
 .text.HAL_UART_Init
                0x0000000008002d78       0xa8 ./Drivers/STM32F0xx_HAL_Driver/Src/stm32f0xx_hal_uart.o
                0x0000000008002d78                HAL_UART_Init
 .text.UART_SetConfig
                0x0000000008002e20      0x280 ./Drivers/STM32F0xx_HAL_Driver/Src/stm32f0xx_hal_uart.o
                0x0000000008002e20                UART_SetConfig
 .text.UART_AdvFeatureConfig
                0x00000000080030a0      0x168 ./Drivers/STM32F0xx_HAL_Driver/Src/stm32f0xx_hal_uart.o
                0x00000000080030a0                UART_AdvFeatureConfig
 .text.UART_CheckIdleState
                0x0000000008003208      0x150 ./Drivers/STM32F0xx_HAL_Driver/Src/stm32f0xx_hal_uart.o
                0x0000000008003208                UART_CheckIdleState
 .text.UART_WaitOnFlagUntilTimeout
                0x0000000008003358       0xd2 ./Drivers/STM32F0xx_HAL_Driver/Src/stm32f0xx_hal_uart.o
                0x0000000008003358                UART_WaitOnFlagUntilTimeout
 *fill*         0x000000000800342a        0x2 
 .text.UART_EndRxTransfer
                0x000000000800342c       0xc8 ./Drivers/STM32F0xx_HAL_Driver/Src/stm32f0xx_hal_uart.o
 .text.MX_FATFS_Init
                0x00000000080034f4       0x2c ./FATFS/App/fatfs.o
                0x00000000080034f4                MX_FATFS_Init
 .text.get_fattime
                0x0000000008003520        0xc ./FATFS/App/fatfs.o
                0x0000000008003520                get_fattime
 .text.USER_initialize
                0x000000000800352c       0x22 ./FATFS/Target/user_diskio.o
                0x000000000800352c                USER_initialize
 .text.USER_status
                0x000000000800354e       0x22 ./FATFS/Target/user_diskio.o
                0x000000000800354e                USER_status
 .text.USER_read
                0x0000000008003570       0x2e ./FATFS/Target/user_diskio.o
                0x0000000008003570                USER_read
 .text.USER_write
                0x000000000800359e       0x2e ./FATFS/Target/user_diskio.o
                0x000000000800359e                USER_write
 .text.USER_ioctl
                0x00000000080035cc       0x30 ./FATFS/Target/user_diskio.o
                0x00000000080035cc                USER_ioctl
 .text.disk_status
                0x00000000080035fc       0x44 ./Middlewares/Third_Party/FatFs/src/diskio.o
                0x00000000080035fc                disk_status
 .text.disk_initialize
                0x0000000008003640       0x60 ./Middlewares/Third_Party/FatFs/src/diskio.o
                0x0000000008003640                disk_initialize
 .text.disk_read
                0x00000000080036a0       0x50 ./Middlewares/Third_Party/FatFs/src/diskio.o
                0x00000000080036a0                disk_read
 .text.disk_write
                0x00000000080036f0       0x50 ./Middlewares/Third_Party/FatFs/src/diskio.o
                0x00000000080036f0                disk_write
 .text.disk_ioctl
                0x0000000008003740       0x50 ./Middlewares/Third_Party/FatFs/src/diskio.o
                0x0000000008003740                disk_ioctl
 .text.mem_cpy  0x0000000008003790       0x3a ./Middlewares/Third_Party/FatFs/src/ff.o
 .text.mem_set  0x00000000080037ca       0x32 ./Middlewares/Third_Party/FatFs/src/ff.o
 .text.mem_cmp  0x00000000080037fc       0x4a ./Middlewares/Third_Party/FatFs/src/ff.o
 .text.chk_chr  0x0000000008003846       0x32 ./Middlewares/Third_Party/FatFs/src/ff.o
 .text.chk_lock
                0x0000000008003878       0xdc ./Middlewares/Third_Party/FatFs/src/ff.o
 .text.enq_lock
                0x0000000008003954       0x40 ./Middlewares/Third_Party/FatFs/src/ff.o
 .text.inc_lock
                0x0000000008003994      0x170 ./Middlewares/Third_Party/FatFs/src/ff.o
 .text.dec_lock
                0x0000000008003b04       0xa8 ./Middlewares/Third_Party/FatFs/src/ff.o
 .text.clear_lock
                0x0000000008003bac       0x4c ./Middlewares/Third_Party/FatFs/src/ff.o
 .text.sync_window
                0x0000000008003bf8       0xb0 ./Middlewares/Third_Party/FatFs/src/ff.o
 .text.move_window
                0x0000000008003ca8       0x74 ./Middlewares/Third_Party/FatFs/src/ff.o
 .text.sync_fs  0x0000000008003d1c      0x1ac ./Middlewares/Third_Party/FatFs/src/ff.o
 .text.clust2sect
                0x0000000008003ec8       0x48 ./Middlewares/Third_Party/FatFs/src/ff.o
                0x0000000008003ec8                clust2sect
 .text.get_fat  0x0000000008003f10      0x1fc ./Middlewares/Third_Party/FatFs/src/ff.o
                0x0000000008003f10                get_fat
 .text.put_fat  0x000000000800410c      0x2d0 ./Middlewares/Third_Party/FatFs/src/ff.o
                0x000000000800410c                put_fat
 .text.remove_chain
                0x00000000080043dc       0xe0 ./Middlewares/Third_Party/FatFs/src/ff.o
 .text.create_chain
                0x00000000080044bc      0x168 ./Middlewares/Third_Party/FatFs/src/ff.o
 .text.clmt_clust
                0x0000000008004624       0x8c ./Middlewares/Third_Party/FatFs/src/ff.o
 .text.dir_sdi  0x00000000080046b0      0x1a4 ./Middlewares/Third_Party/FatFs/src/ff.o
 .text.dir_next
                0x0000000008004854      0x284 ./Middlewares/Third_Party/FatFs/src/ff.o
 .text.dir_alloc
                0x0000000008004ad8       0xbc ./Middlewares/Third_Party/FatFs/src/ff.o
 .text.ld_clust
                0x0000000008004b94       0x5a ./Middlewares/Third_Party/FatFs/src/ff.o
 .text.st_clust
                0x0000000008004bee       0x4a ./Middlewares/Third_Party/FatFs/src/ff.o
 .text.cmp_lfn  0x0000000008004c38       0xfc ./Middlewares/Third_Party/FatFs/src/ff.o
 .text.fit_lfn  0x0000000008004d34      0x108 ./Middlewares/Third_Party/FatFs/src/ff.o
 .text.gen_numname
                0x0000000008004e3c      0x128 ./Middlewares/Third_Party/FatFs/src/ff.o
 .text.sum_sfn  0x0000000008004f64       0x4a ./Middlewares/Third_Party/FatFs/src/ff.o
 *fill*         0x0000000008004fae        0x2 
 .text.dir_find
                0x0000000008004fb0      0x208 ./Middlewares/Third_Party/FatFs/src/ff.o
 .text.dir_register
                0x00000000080051b8      0x270 ./Middlewares/Third_Party/FatFs/src/ff.o
 .text.create_name
                0x0000000008005428      0x410 ./Middlewares/Third_Party/FatFs/src/ff.o
 .text.follow_path
                0x0000000008005838      0x110 ./Middlewares/Third_Party/FatFs/src/ff.o
 .text.get_ldnumber
                0x0000000008005948       0x84 ./Middlewares/Third_Party/FatFs/src/ff.o
 .text.check_fs
                0x00000000080059cc       0xe0 ./Middlewares/Third_Party/FatFs/src/ff.o
 .text.find_volume
                0x0000000008005aac      0x6b4 ./Middlewares/Third_Party/FatFs/src/ff.o
 .text.validate
                0x0000000008006160       0x7c ./Middlewares/Third_Party/FatFs/src/ff.o
 .text.f_mount  0x00000000080061dc       0xa0 ./Middlewares/Third_Party/FatFs/src/ff.o
                0x00000000080061dc                f_mount
 .text.f_open   0x000000000800627c      0x530 ./Middlewares/Third_Party/FatFs/src/ff.o
                0x000000000800627c                f_open
 .text.f_write  0x00000000080067ac      0x464 ./Middlewares/Third_Party/FatFs/src/ff.o
                0x00000000080067ac                f_write
 .text.f_sync   0x0000000008006c10      0x1b0 ./Middlewares/Third_Party/FatFs/src/ff.o
                0x0000000008006c10                f_sync
 .text.f_close  0x0000000008006dc0       0x6e ./Middlewares/Third_Party/FatFs/src/ff.o
                0x0000000008006dc0                f_close
 .text.putc_bfd
                0x0000000008006e2e       0x82 ./Middlewares/Third_Party/FatFs/src/ff.o
 .text.f_puts   0x0000000008006eb0       0x84 ./Middlewares/Third_Party/FatFs/src/ff.o
                0x0000000008006eb0                f_puts
 .text.FATFS_LinkDriverEx
                0x0000000008006f34       0xa8 ./Middlewares/Third_Party/FatFs/src/ff_gen_drv.o
                0x0000000008006f34                FATFS_LinkDriverEx
 .text.FATFS_LinkDriver
                0x0000000008006fdc       0x20 ./Middlewares/Third_Party/FatFs/src/ff_gen_drv.o
                0x0000000008006fdc                FATFS_LinkDriver
 .text.ff_convert
                0x0000000008006ffc       0xa4 ./Middlewares/Third_Party/FatFs/src/option/ccsbcs.o
                0x0000000008006ffc                ff_convert
 .text.ff_wtoupper
                0x00000000080070a0       0x60 ./Middlewares/Third_Party/FatFs/src/option/ccsbcs.o
                0x00000000080070a0                ff_wtoupper
 .text.__libc_init_array
                0x0000000008007100       0x48 c:/st/stm32cubeide_1.12.0/stm32cubeide/plugins/com.st.stm32cube.ide.mcu.externaltools.gnu-tools-for-stm32.10.3-2021.10.win32_1.0.200.202301161003/tools/bin/../lib/gcc/arm-none-eabi/10.3.1/../../../../arm-none-eabi/lib/thumb/v6-m/nofp\libc_nano.a(lib_a-init.o)
                0x0000000008007100                __libc_init_array
 .text.memset   0x0000000008007148       0x10 c:/st/stm32cubeide_1.12.0/stm32cubeide/plugins/com.st.stm32cube.ide.mcu.externaltools.gnu-tools-for-stm32.10.3-2021.10.win32_1.0.200.202301161003/tools/bin/../lib/gcc/arm-none-eabi/10.3.1/../../../../arm-none-eabi/lib/thumb/v6-m/nofp\libc_nano.a(lib_a-memset.o)
                0x0000000008007148                memset
 *(.glue_7)
 .glue_7        0x0000000008007158        0x0 linker stubs
 *(.glue_7t)
 .glue_7t       0x0000000008007158        0x0 linker stubs
 *(.eh_frame)
 .eh_frame      0x0000000008007158        0x0 c:/st/stm32cubeide_1.12.0/stm32cubeide/plugins/com.st.stm32cube.ide.mcu.externaltools.gnu-tools-for-stm32.10.3-2021.10.win32_1.0.200.202301161003/tools/bin/../lib/gcc/arm-none-eabi/10.3.1/thumb/v6-m/nofp/crtbegin.o
 *(.init)
 .init          0x0000000008007158        0x4 c:/st/stm32cubeide_1.12.0/stm32cubeide/plugins/com.st.stm32cube.ide.mcu.externaltools.gnu-tools-for-stm32.10.3-2021.10.win32_1.0.200.202301161003/tools/bin/../lib/gcc/arm-none-eabi/10.3.1/thumb/v6-m/nofp/crti.o
                0x0000000008007158                _init
 .init          0x000000000800715c        0x8 c:/st/stm32cubeide_1.12.0/stm32cubeide/plugins/com.st.stm32cube.ide.mcu.externaltools.gnu-tools-for-stm32.10.3-2021.10.win32_1.0.200.202301161003/tools/bin/../lib/gcc/arm-none-eabi/10.3.1/thumb/v6-m/nofp/crtn.o
 *(.fini)
 .fini          0x0000000008007164        0x4 c:/st/stm32cubeide_1.12.0/stm32cubeide/plugins/com.st.stm32cube.ide.mcu.externaltools.gnu-tools-for-stm32.10.3-2021.10.win32_1.0.200.202301161003/tools/bin/../lib/gcc/arm-none-eabi/10.3.1/thumb/v6-m/nofp/crti.o
                0x0000000008007164                _fini
 .fini          0x0000000008007168        0x8 c:/st/stm32cubeide_1.12.0/stm32cubeide/plugins/com.st.stm32cube.ide.mcu.externaltools.gnu-tools-for-stm32.10.3-2021.10.win32_1.0.200.202301161003/tools/bin/../lib/gcc/arm-none-eabi/10.3.1/thumb/v6-m/nofp/crtn.o
                0x0000000008007170                . = ALIGN (0x4)
                0x0000000008007170                _etext = .

.vfp11_veneer   0x0000000008007170        0x0
 .vfp11_veneer  0x0000000008007170        0x0 linker stubs

.v4_bx          0x0000000008007170        0x0
 .v4_bx         0x0000000008007170        0x0 linker stubs

.iplt           0x0000000008007170        0x0
 .iplt          0x0000000008007170        0x0 c:/st/stm32cubeide_1.12.0/stm32cubeide/plugins/com.st.stm32cube.ide.mcu.externaltools.gnu-tools-for-stm32.10.3-2021.10.win32_1.0.200.202301161003/tools/bin/../lib/gcc/arm-none-eabi/10.3.1/thumb/v6-m/nofp/crtbegin.o

.rodata         0x0000000008007170      0x624
                0x0000000008007170                . = ALIGN (0x4)
 *(.rodata)
 .rodata        0x0000000008007170       0x1b ./Core/Src/main.o
 *fill*         0x000000000800718b        0x1 
 .rodata        0x000000000800718c       0x48 ./Middlewares/Third_Party/FatFs/src/ff.o
 *(.rodata*)
 .rodata.SD_disk_ioctl
                0x00000000080071d4       0x38 ./Core/Src/sd.o
 .rodata.AHBPrescTable
                0x000000000800720c       0x10 ./Core/Src/system_stm32f0xx.o
                0x000000000800720c                AHBPrescTable
 .rodata.APBPrescTable
                0x000000000800721c        0x8 ./Core/Src/system_stm32f0xx.o
                0x000000000800721c                APBPrescTable
 .rodata.aPLLMULFactorTable.1
                0x0000000008007224       0x10 ./Drivers/STM32F0xx_HAL_Driver/Src/stm32f0xx_hal_rcc.o
 .rodata.aPredivFactorTable.0
                0x0000000008007234       0x10 ./Drivers/STM32F0xx_HAL_Driver/Src/stm32f0xx_hal_rcc.o
 .rodata.ExCvt  0x0000000008007244       0x80 ./Middlewares/Third_Party/FatFs/src/ff.o
 .rodata.LfnOfs
                0x00000000080072c4        0xd ./Middlewares/Third_Party/FatFs/src/ff.o
 *fill*         0x00000000080072d1        0x3 
 .rodata.Tbl    0x00000000080072d4      0x100 ./Middlewares/Third_Party/FatFs/src/option/ccsbcs.o
 .rodata.tbl_lower.1
                0x00000000080073d4      0x1e0 ./Middlewares/Third_Party/FatFs/src/option/ccsbcs.o
 .rodata.tbl_upper.0
                0x00000000080075b4      0x1e0 ./Middlewares/Third_Party/FatFs/src/option/ccsbcs.o
                0x0000000008007794                . = ALIGN (0x4)

.rel.dyn        0x0000000008007794        0x0
 .rel.iplt      0x0000000008007794        0x0 c:/st/stm32cubeide_1.12.0/stm32cubeide/plugins/com.st.stm32cube.ide.mcu.externaltools.gnu-tools-for-stm32.10.3-2021.10.win32_1.0.200.202301161003/tools/bin/../lib/gcc/arm-none-eabi/10.3.1/thumb/v6-m/nofp/crtbegin.o

.ARM.extab      0x0000000008007794        0x0
                0x0000000008007794                . = ALIGN (0x4)
 *(.ARM.extab* .gnu.linkonce.armextab.*)
                0x0000000008007794                . = ALIGN (0x4)

.ARM            0x0000000008007794        0x0
                0x0000000008007794                . = ALIGN (0x4)
                0x0000000008007794                __exidx_start = .
 *(.ARM.exidx*)
                0x0000000008007794                __exidx_end = .
                0x0000000008007794                . = ALIGN (0x4)

.preinit_array  0x0000000008007794        0x0
                0x0000000008007794                . = ALIGN (0x4)
                0x0000000008007794                PROVIDE (__preinit_array_start = .)
 *(.preinit_array*)
                0x0000000008007794                PROVIDE (__preinit_array_end = .)
                0x0000000008007794                . = ALIGN (0x4)

.init_array     0x0000000008007794        0x4
                0x0000000008007794                . = ALIGN (0x4)
                0x0000000008007794                PROVIDE (__init_array_start = .)
 *(SORT_BY_NAME(.init_array.*))
 *(.init_array*)
 .init_array    0x0000000008007794        0x4 c:/st/stm32cubeide_1.12.0/stm32cubeide/plugins/com.st.stm32cube.ide.mcu.externaltools.gnu-tools-for-stm32.10.3-2021.10.win32_1.0.200.202301161003/tools/bin/../lib/gcc/arm-none-eabi/10.3.1/thumb/v6-m/nofp/crtbegin.o
                0x0000000008007798                PROVIDE (__init_array_end = .)
                0x0000000008007798                . = ALIGN (0x4)

.fini_array     0x0000000008007798        0x4
                0x0000000008007798                . = ALIGN (0x4)
                [!provide]                        PROVIDE (__fini_array_start = .)
 *(SORT_BY_NAME(.fini_array.*))
 *(.fini_array*)
 .fini_array    0x0000000008007798        0x4 c:/st/stm32cubeide_1.12.0/stm32cubeide/plugins/com.st.stm32cube.ide.mcu.externaltools.gnu-tools-for-stm32.10.3-2021.10.win32_1.0.200.202301161003/tools/bin/../lib/gcc/arm-none-eabi/10.3.1/thumb/v6-m/nofp/crtbegin.o
                [!provide]                        PROVIDE (__fini_array_end = .)
                0x000000000800779c                . = ALIGN (0x4)
                0x000000000800779c                _sidata = LOADADDR (.data)

.data           0x0000000020000000       0x24 load address 0x000000000800779c
                0x0000000020000000                . = ALIGN (0x4)
                0x0000000020000000                _sdata = .
 *(.data)
 *(.data*)
 .data.Stat     0x0000000020000000        0x1 ./Core/Src/sd.o
 *fill*         0x0000000020000001        0x3 
 .data.SystemCoreClock
                0x0000000020000004        0x4 ./Core/Src/system_stm32f0xx.o
                0x0000000020000004                SystemCoreClock
 .data.uwTickPrio
                0x0000000020000008        0x4 ./Drivers/STM32F0xx_HAL_Driver/Src/stm32f0xx_hal.o
                0x0000000020000008                uwTickPrio
 .data.uwTickFreq
                0x000000002000000c        0x1 ./Drivers/STM32F0xx_HAL_Driver/Src/stm32f0xx_hal.o
                0x000000002000000c                uwTickFreq
 *fill*         0x000000002000000d        0x3 
 .data.USER_Driver
                0x0000000020000010       0x14 ./FATFS/Target/user_diskio.o
                0x0000000020000010                USER_Driver
 *(.RamFunc)
 *(.RamFunc*)
                0x0000000020000024                . = ALIGN (0x4)
                0x0000000020000024                _edata = .

.igot.plt       0x0000000020000024        0x0 load address 0x00000000080077c0
 .igot.plt      0x0000000020000024        0x0 c:/st/stm32cubeide_1.12.0/stm32cubeide/plugins/com.st.stm32cube.ide.mcu.externaltools.gnu-tools-for-stm32.10.3-2021.10.win32_1.0.200.202301161003/tools/bin/../lib/gcc/arm-none-eabi/10.3.1/thumb/v6-m/nofp/crtbegin.o
                0x0000000020000024                . = ALIGN (0x4)

.bss            0x0000000020000024      0xba8 load address 0x00000000080077c0
                0x0000000020000024                _sbss = .
                0x0000000020000024                __bss_start__ = _sbss
 *(.bss)
 .bss           0x0000000020000024       0x1c c:/st/stm32cubeide_1.12.0/stm32cubeide/plugins/com.st.stm32cube.ide.mcu.externaltools.gnu-tools-for-stm32.10.3-2021.10.win32_1.0.200.202301161003/tools/bin/../lib/gcc/arm-none-eabi/10.3.1/thumb/v6-m/nofp/crtbegin.o
 *(.bss*)
 .bss.hspi2     0x0000000020000040       0x64 ./Core/Src/main.o
                0x0000000020000040                hspi2
 .bss.huart1    0x00000000200000a4       0x88 ./Core/Src/main.o
                0x00000000200000a4                huart1
 .bss.fatFs     0x000000002000012c      0x430 ./Core/Src/main.o
                0x000000002000012c                fatFs
 .bss.file      0x000000002000055c      0x42c ./Core/Src/main.o
                0x000000002000055c                file
 .bss.fresult   0x0000000020000988        0x1 ./Core/Src/main.o
                0x0000000020000988                fresult
 .bss.CardType  0x0000000020000989        0x1 ./Core/Src/sd.o
 .bss.PowerFlag
                0x000000002000098a        0x1 ./Core/Src/sd.o
 .bss.FatFsCnt  0x000000002000098b        0x1 ./Core/Src/stm32f0xx_it.o
                0x000000002000098b                FatFsCnt
 .bss.LEDCnt    0x000000002000098c        0x2 ./Core/Src/stm32f0xx_it.o
                0x000000002000098c                LEDCnt
 .bss.LEDState  0x000000002000098e        0x1 ./Core/Src/stm32f0xx_it.o
                0x000000002000098e                LEDState
 .bss.Timer1    0x000000002000098f        0x1 ./Core/Src/stm32f0xx_it.o
                0x000000002000098f                Timer1
 .bss.Timer2    0x0000000020000990        0x1 ./Core/Src/stm32f0xx_it.o
                0x0000000020000990                Timer2
 *fill*         0x0000000020000991        0x3 
 .bss.uwTick    0x0000000020000994        0x4 ./Drivers/STM32F0xx_HAL_Driver/Src/stm32f0xx_hal.o
                0x0000000020000994                uwTick
 .bss.retUSER   0x0000000020000998        0x1 ./FATFS/App/fatfs.o
                0x0000000020000998                retUSER
 *fill*         0x0000000020000999        0x3 
 .bss.USERPath  0x000000002000099c        0x4 ./FATFS/App/fatfs.o
                0x000000002000099c                USERPath
 .bss.FatFs     0x00000000200009a0        0x4 ./Middlewares/Third_Party/FatFs/src/ff.o
 .bss.Fsid      0x00000000200009a4        0x2 ./Middlewares/Third_Party/FatFs/src/ff.o
 *fill*         0x00000000200009a6        0x2 
 .bss.Files     0x00000000200009a8       0x18 ./Middlewares/Third_Party/FatFs/src/ff.o
 .bss.LfnBuf    0x00000000200009c0      0x200 ./Middlewares/Third_Party/FatFs/src/ff.o
 .bss.disk      0x0000000020000bc0        0xc ./Middlewares/Third_Party/FatFs/src/ff_gen_drv.o
                0x0000000020000bc0                disk
 *(COMMON)
                0x0000000020000bcc                . = ALIGN (0x4)
                0x0000000020000bcc                _ebss = .
                0x0000000020000bcc                __bss_end__ = _ebss

._user_heap_stack
                0x0000000020000bcc      0x604 load address 0x00000000080077c0
                0x0000000020000bd0                . = ALIGN (0x8)
 *fill*         0x0000000020000bcc        0x4 
                [!provide]                        PROVIDE (end = .)
                0x0000000020000bd0                PROVIDE (_end = .)
                0x0000000020000dd0                . = (. + _Min_Heap_Size)
 *fill*         0x0000000020000bd0      0x200 
                0x00000000200011d0                . = (. + _Min_Stack_Size)
 *fill*         0x0000000020000dd0      0x400 
                0x00000000200011d0                . = ALIGN (0x8)

/DISCARD/
 libc.a(*)
 libm.a(*)
 libgcc.a(*)

.ARM.attributes
                0x0000000000000000       0x28
 *(.ARM.attributes)
 .ARM.attributes
                0x0000000000000000       0x1e c:/st/stm32cubeide_1.12.0/stm32cubeide/plugins/com.st.stm32cube.ide.mcu.externaltools.gnu-tools-for-stm32.10.3-2021.10.win32_1.0.200.202301161003/tools/bin/../lib/gcc/arm-none-eabi/10.3.1/thumb/v6-m/nofp/crti.o
 .ARM.attributes
                0x000000000000001e       0x2c c:/st/stm32cubeide_1.12.0/stm32cubeide/plugins/com.st.stm32cube.ide.mcu.externaltools.gnu-tools-for-stm32.10.3-2021.10.win32_1.0.200.202301161003/tools/bin/../lib/gcc/arm-none-eabi/10.3.1/thumb/v6-m/nofp/crtbegin.o
 .ARM.attributes
                0x000000000000004a       0x2c ./Core/Src/main.o
 .ARM.attributes
                0x0000000000000076       0x2c ./Core/Src/sd.o
 .ARM.attributes
                0x00000000000000a2       0x2c ./Core/Src/stm32f0xx_hal_msp.o
 .ARM.attributes
                0x00000000000000ce       0x2c ./Core/Src/stm32f0xx_it.o
 .ARM.attributes
                0x00000000000000fa       0x2c ./Core/Src/system_stm32f0xx.o
 .ARM.attributes
                0x0000000000000126       0x21 ./Core/Startup/startup_stm32f051r8tx.o
 .ARM.attributes
                0x0000000000000147       0x2c ./Drivers/STM32F0xx_HAL_Driver/Src/stm32f0xx_hal.o
 .ARM.attributes
                0x0000000000000173       0x2c ./Drivers/STM32F0xx_HAL_Driver/Src/stm32f0xx_hal_cortex.o
 .ARM.attributes
                0x000000000000019f       0x2c ./Drivers/STM32F0xx_HAL_Driver/Src/stm32f0xx_hal_gpio.o
 .ARM.attributes
                0x00000000000001cb       0x2c ./Drivers/STM32F0xx_HAL_Driver/Src/stm32f0xx_hal_rcc.o
 .ARM.attributes
                0x00000000000001f7       0x2c ./Drivers/STM32F0xx_HAL_Driver/Src/stm32f0xx_hal_rcc_ex.o
 .ARM.attributes
                0x0000000000000223       0x2c ./Drivers/STM32F0xx_HAL_Driver/Src/stm32f0xx_hal_spi.o
 .ARM.attributes
                0x000000000000024f       0x2c ./Drivers/STM32F0xx_HAL_Driver/Src/stm32f0xx_hal_uart.o
 .ARM.attributes
                0x000000000000027b       0x2c ./FATFS/App/fatfs.o
 .ARM.attributes
                0x00000000000002a7       0x2c ./FATFS/Target/user_diskio.o
 .ARM.attributes
                0x00000000000002d3       0x2c ./Middlewares/Third_Party/FatFs/src/diskio.o
 .ARM.attributes
                0x00000000000002ff       0x2c ./Middlewares/Third_Party/FatFs/src/ff.o
 .ARM.attributes
                0x000000000000032b       0x2c ./Middlewares/Third_Party/FatFs/src/ff_gen_drv.o
 .ARM.attributes
                0x0000000000000357       0x2c ./Middlewares/Third_Party/FatFs/src/option/ccsbcs.o
 .ARM.attributes
                0x0000000000000383       0x2c c:/st/stm32cubeide_1.12.0/stm32cubeide/plugins/com.st.stm32cube.ide.mcu.externaltools.gnu-tools-for-stm32.10.3-2021.10.win32_1.0.200.202301161003/tools/bin/../lib/gcc/arm-none-eabi/10.3.1/../../../../arm-none-eabi/lib/thumb/v6-m/nofp\libc_nano.a(lib_a-init.o)
 .ARM.attributes
                0x00000000000003af       0x2c c:/st/stm32cubeide_1.12.0/stm32cubeide/plugins/com.st.stm32cube.ide.mcu.externaltools.gnu-tools-for-stm32.10.3-2021.10.win32_1.0.200.202301161003/tools/bin/../lib/gcc/arm-none-eabi/10.3.1/../../../../arm-none-eabi/lib/thumb/v6-m/nofp\libc_nano.a(lib_a-memset.o)
 .ARM.attributes
                0x00000000000003db       0x1e c:/st/stm32cubeide_1.12.0/stm32cubeide/plugins/com.st.stm32cube.ide.mcu.externaltools.gnu-tools-for-stm32.10.3-2021.10.win32_1.0.200.202301161003/tools/bin/../lib/gcc/arm-none-eabi/10.3.1/thumb/v6-m/nofp\libgcc.a(_udivsi3.o)
 .ARM.attributes
                0x00000000000003f9       0x1e c:/st/stm32cubeide_1.12.0/stm32cubeide/plugins/com.st.stm32cube.ide.mcu.externaltools.gnu-tools-for-stm32.10.3-2021.10.win32_1.0.200.202301161003/tools/bin/../lib/gcc/arm-none-eabi/10.3.1/thumb/v6-m/nofp\libgcc.a(_dvmd_tls.o)
 .ARM.attributes
                0x0000000000000417       0x1e c:/st/stm32cubeide_1.12.0/stm32cubeide/plugins/com.st.stm32cube.ide.mcu.externaltools.gnu-tools-for-stm32.10.3-2021.10.win32_1.0.200.202301161003/tools/bin/../lib/gcc/arm-none-eabi/10.3.1/thumb/v6-m/nofp/crtn.o
OUTPUT(STM32_crio_audio_module.elf elf32-littlearm)
LOAD linker stubs
LOAD c:/st/stm32cubeide_1.12.0/stm32cubeide/plugins/com.st.stm32cube.ide.mcu.externaltools.gnu-tools-for-stm32.10.3-2021.10.win32_1.0.200.202301161003/tools/bin/../lib/gcc/arm-none-eabi/10.3.1/../../../../arm-none-eabi/lib/thumb/v6-m/nofp\libc.a
LOAD c:/st/stm32cubeide_1.12.0/stm32cubeide/plugins/com.st.stm32cube.ide.mcu.externaltools.gnu-tools-for-stm32.10.3-2021.10.win32_1.0.200.202301161003/tools/bin/../lib/gcc/arm-none-eabi/10.3.1/../../../../arm-none-eabi/lib/thumb/v6-m/nofp\libm.a
LOAD c:/st/stm32cubeide_1.12.0/stm32cubeide/plugins/com.st.stm32cube.ide.mcu.externaltools.gnu-tools-for-stm32.10.3-2021.10.win32_1.0.200.202301161003/tools/bin/../lib/gcc/arm-none-eabi/10.3.1/thumb/v6-m/nofp\libgcc.a

.debug_info     0x0000000000000000     0xe03d
 .debug_info    0x0000000000000000     0x138b ./Core/Src/main.o
 .debug_info    0x000000000000138b      0xcab ./Core/Src/sd.o
 .debug_info    0x0000000000002036      0xca0 ./Core/Src/stm32f0xx_hal_msp.o
 .debug_info    0x0000000000002cd6      0x2a0 ./Core/Src/stm32f0xx_it.o
 .debug_info    0x0000000000002f76      0x269 ./Core/Src/system_stm32f0xx.o
 .debug_info    0x00000000000031df       0x22 ./Core/Startup/startup_stm32f051r8tx.o
 .debug_info    0x0000000000003201      0x6de ./Drivers/STM32F0xx_HAL_Driver/Src/stm32f0xx_hal.o
 .debug_info    0x00000000000038df      0x711 ./Drivers/STM32F0xx_HAL_Driver/Src/stm32f0xx_hal_cortex.o
 .debug_info    0x0000000000003ff0      0x620 ./Drivers/STM32F0xx_HAL_Driver/Src/stm32f0xx_hal_gpio.o
 .debug_info    0x0000000000004610      0x8a3 ./Drivers/STM32F0xx_HAL_Driver/Src/stm32f0xx_hal_rcc.o
 .debug_info    0x0000000000004eb3      0x389 ./Drivers/STM32F0xx_HAL_Driver/Src/stm32f0xx_hal_rcc_ex.o
 .debug_info    0x000000000000523c     0x1777 ./Drivers/STM32F0xx_HAL_Driver/Src/stm32f0xx_hal_spi.o
 .debug_info    0x00000000000069b3     0x3d36 ./Drivers/STM32F0xx_HAL_Driver/Src/stm32f0xx_hal_uart.o
 .debug_info    0x000000000000a6e9      0x52c ./FATFS/App/fatfs.o
 .debug_info    0x000000000000ac15      0x3dc ./FATFS/Target/user_diskio.o
 .debug_info    0x000000000000aff1      0x40d ./Middlewares/Third_Party/FatFs/src/diskio.o
 .debug_info    0x000000000000b3fe     0x271e ./Middlewares/Third_Party/FatFs/src/ff.o
 .debug_info    0x000000000000db1c      0x3a4 ./Middlewares/Third_Party/FatFs/src/ff_gen_drv.o
 .debug_info    0x000000000000dec0      0x17d ./Middlewares/Third_Party/FatFs/src/option/ccsbcs.o

.debug_abbrev   0x0000000000000000     0x22d3
 .debug_abbrev  0x0000000000000000      0x30a ./Core/Src/main.o
 .debug_abbrev  0x000000000000030a      0x2b1 ./Core/Src/sd.o
 .debug_abbrev  0x00000000000005bb      0x19b ./Core/Src/stm32f0xx_hal_msp.o
 .debug_abbrev  0x0000000000000756      0x130 ./Core/Src/stm32f0xx_it.o
 .debug_abbrev  0x0000000000000886      0x116 ./Core/Src/system_stm32f0xx.o
 .debug_abbrev  0x000000000000099c       0x12 ./Core/Startup/startup_stm32f051r8tx.o
 .debug_abbrev  0x00000000000009ae      0x23f ./Drivers/STM32F0xx_HAL_Driver/Src/stm32f0xx_hal.o
 .debug_abbrev  0x0000000000000bed      0x283 ./Drivers/STM32F0xx_HAL_Driver/Src/stm32f0xx_hal_cortex.o
 .debug_abbrev  0x0000000000000e70      0x1bb ./Drivers/STM32F0xx_HAL_Driver/Src/stm32f0xx_hal_gpio.o
 .debug_abbrev  0x000000000000102b      0x283 ./Drivers/STM32F0xx_HAL_Driver/Src/stm32f0xx_hal_rcc.o
 .debug_abbrev  0x00000000000012ae      0x169 ./Drivers/STM32F0xx_HAL_Driver/Src/stm32f0xx_hal_rcc_ex.o
 .debug_abbrev  0x0000000000001417      0x254 ./Drivers/STM32F0xx_HAL_Driver/Src/stm32f0xx_hal_spi.o
 .debug_abbrev  0x000000000000166b      0x2cb ./Drivers/STM32F0xx_HAL_Driver/Src/stm32f0xx_hal_uart.o
 .debug_abbrev  0x0000000000001936      0x19a ./FATFS/App/fatfs.o
 .debug_abbrev  0x0000000000001ad0      0x155 ./FATFS/Target/user_diskio.o
 .debug_abbrev  0x0000000000001c25      0x178 ./Middlewares/Third_Party/FatFs/src/diskio.o
 .debug_abbrev  0x0000000000001d9d      0x2cd ./Middlewares/Third_Party/FatFs/src/ff.o
 .debug_abbrev  0x000000000000206a      0x196 ./Middlewares/Third_Party/FatFs/src/ff_gen_drv.o
 .debug_abbrev  0x0000000000002200       0xd3 ./Middlewares/Third_Party/FatFs/src/option/ccsbcs.o

.debug_aranges  0x0000000000000000      0xb80
 .debug_aranges
                0x0000000000000000       0x48 ./Core/Src/main.o
 .debug_aranges
                0x0000000000000048       0xa0 ./Core/Src/sd.o
 .debug_aranges
                0x00000000000000e8       0x40 ./Core/Src/stm32f0xx_hal_msp.o
 .debug_aranges
                0x0000000000000128       0x48 ./Core/Src/stm32f0xx_it.o
 .debug_aranges
                0x0000000000000170       0x28 ./Core/Src/system_stm32f0xx.o
 .debug_aranges
                0x0000000000000198       0x28 ./Core/Startup/startup_stm32f051r8tx.o
 .debug_aranges
                0x00000000000001c0       0xd0 ./Drivers/STM32F0xx_HAL_Driver/Src/stm32f0xx_hal.o
 .debug_aranges
                0x0000000000000290       0xc0 ./Drivers/STM32F0xx_HAL_Driver/Src/stm32f0xx_hal_cortex.o
 .debug_aranges
                0x0000000000000350       0x58 ./Drivers/STM32F0xx_HAL_Driver/Src/stm32f0xx_hal_gpio.o
 .debug_aranges
                0x00000000000003a8       0x80 ./Drivers/STM32F0xx_HAL_Driver/Src/stm32f0xx_hal_rcc.o
 .debug_aranges
                0x0000000000000428       0x30 ./Drivers/STM32F0xx_HAL_Driver/Src/stm32f0xx_hal_rcc_ex.o
 .debug_aranges
                0x0000000000000458      0x1d8 ./Drivers/STM32F0xx_HAL_Driver/Src/stm32f0xx_hal_spi.o
 .debug_aranges
                0x0000000000000630      0x228 ./Drivers/STM32F0xx_HAL_Driver/Src/stm32f0xx_hal_uart.o
 .debug_aranges
                0x0000000000000858       0x28 ./FATFS/App/fatfs.o
 .debug_aranges
                0x0000000000000880       0x40 ./FATFS/Target/user_diskio.o
 .debug_aranges
                0x00000000000008c0       0x48 ./Middlewares/Third_Party/FatFs/src/diskio.o
 .debug_aranges
                0x0000000000000908      0x210 ./Middlewares/Third_Party/FatFs/src/ff.o
 .debug_aranges
                0x0000000000000b18       0x40 ./Middlewares/Third_Party/FatFs/src/ff_gen_drv.o
 .debug_aranges
                0x0000000000000b58       0x28 ./Middlewares/Third_Party/FatFs/src/option/ccsbcs.o

.debug_ranges   0x0000000000000000      0xa88
 .debug_ranges  0x0000000000000000       0x38 ./Core/Src/main.o
 .debug_ranges  0x0000000000000038       0x90 ./Core/Src/sd.o
 .debug_ranges  0x00000000000000c8       0x30 ./Core/Src/stm32f0xx_hal_msp.o
 .debug_ranges  0x00000000000000f8       0x38 ./Core/Src/stm32f0xx_it.o
 .debug_ranges  0x0000000000000130       0x18 ./Core/Src/system_stm32f0xx.o
 .debug_ranges  0x0000000000000148       0x20 ./Core/Startup/startup_stm32f051r8tx.o
 .debug_ranges  0x0000000000000168       0xc0 ./Drivers/STM32F0xx_HAL_Driver/Src/stm32f0xx_hal.o
 .debug_ranges  0x0000000000000228       0xb0 ./Drivers/STM32F0xx_HAL_Driver/Src/stm32f0xx_hal_cortex.o
 .debug_ranges  0x00000000000002d8       0x48 ./Drivers/STM32F0xx_HAL_Driver/Src/stm32f0xx_hal_gpio.o
 .debug_ranges  0x0000000000000320       0x70 ./Drivers/STM32F0xx_HAL_Driver/Src/stm32f0xx_hal_rcc.o
 .debug_ranges  0x0000000000000390       0x20 ./Drivers/STM32F0xx_HAL_Driver/Src/stm32f0xx_hal_rcc_ex.o
 .debug_ranges  0x00000000000003b0      0x1c8 ./Drivers/STM32F0xx_HAL_Driver/Src/stm32f0xx_hal_spi.o
 .debug_ranges  0x0000000000000578      0x248 ./Drivers/STM32F0xx_HAL_Driver/Src/stm32f0xx_hal_uart.o
 .debug_ranges  0x00000000000007c0       0x18 ./FATFS/App/fatfs.o
 .debug_ranges  0x00000000000007d8       0x30 ./FATFS/Target/user_diskio.o
 .debug_ranges  0x0000000000000808       0x38 ./Middlewares/Third_Party/FatFs/src/diskio.o
 .debug_ranges  0x0000000000000840      0x200 ./Middlewares/Third_Party/FatFs/src/ff.o
 .debug_ranges  0x0000000000000a40       0x30 ./Middlewares/Third_Party/FatFs/src/ff_gen_drv.o
 .debug_ranges  0x0000000000000a70       0x18 ./Middlewares/Third_Party/FatFs/src/option/ccsbcs.o

.debug_macro    0x0000000000000000    0x12e4c
 .debug_macro   0x0000000000000000      0x2f1 ./Core/Src/main.o
 .debug_macro   0x00000000000002f1      0xa4e ./Core/Src/main.o
 .debug_macro   0x0000000000000d3f      0x133 ./Core/Src/main.o
 .debug_macro   0x0000000000000e72       0x2e ./Core/Src/main.o
 .debug_macro   0x0000000000000ea0       0x22 ./Core/Src/main.o
 .debug_macro   0x0000000000000ec2       0x22 ./Core/Src/main.o
 .debug_macro   0x0000000000000ee4       0x8e ./Core/Src/main.o
 .debug_macro   0x0000000000000f72       0x51 ./Core/Src/main.o
 .debug_macro   0x0000000000000fc3      0x103 ./Core/Src/main.o
 .debug_macro   0x00000000000010c6       0x6a ./Core/Src/main.o
 .debug_macro   0x0000000000001130      0x1df ./Core/Src/main.o
 .debug_macro   0x000000000000130f       0x1c ./Core/Src/main.o
 .debug_macro   0x000000000000132b       0x22 ./Core/Src/main.o
 .debug_macro   0x000000000000134d       0xaf ./Core/Src/main.o
 .debug_macro   0x00000000000013fc      0x391 ./Core/Src/main.o
 .debug_macro   0x000000000000178d     0x8d00 ./Core/Src/main.o
 .debug_macro   0x000000000000a48d       0x66 ./Core/Src/main.o
 .debug_macro   0x000000000000a4f3     0x34be ./Core/Src/main.o
 .debug_macro   0x000000000000d9b1      0x174 ./Core/Src/main.o
 .debug_macro   0x000000000000db25       0x55 ./Core/Src/main.o
 .debug_macro   0x000000000000db7a      0x924 ./Core/Src/main.o
 .debug_macro   0x000000000000e49e      0x251 ./Core/Src/main.o
 .debug_macro   0x000000000000e6ef      0x1ae ./Core/Src/main.o
 .debug_macro   0x000000000000e89d      0x114 ./Core/Src/main.o
 .debug_macro   0x000000000000e9b1      0x1a0 ./Core/Src/main.o
 .debug_macro   0x000000000000eb51      0x1ed ./Core/Src/main.o
 .debug_macro   0x000000000000ed3e       0x34 ./Core/Src/main.o
 .debug_macro   0x000000000000ed72       0x43 ./Core/Src/main.o
 .debug_macro   0x000000000000edb5       0x28 ./Core/Src/main.o
 .debug_macro   0x000000000000eddd       0xb0 ./Core/Src/main.o
 .debug_macro   0x000000000000ee8d      0x199 ./Core/Src/main.o
 .debug_macro   0x000000000000f026      0x22c ./Core/Src/main.o
 .debug_macro   0x000000000000f252       0x61 ./Core/Src/main.o
 .debug_macro   0x000000000000f2b3       0xa5 ./Core/Src/main.o
 .debug_macro   0x000000000000f358       0x4c ./Core/Src/main.o
 .debug_macro   0x000000000000f3a4      0x112 ./Core/Src/main.o
 .debug_macro   0x000000000000f4b6      0x2fe ./Core/Src/main.o
 .debug_macro   0x000000000000f7b4      0x5ba ./Core/Src/main.o
 .debug_macro   0x000000000000fd6e       0x3e ./Core/Src/main.o
 .debug_macro   0x000000000000fdac      0x114 ./Core/Src/main.o
 .debug_macro   0x000000000000fec0       0xde ./Core/Src/main.o
 .debug_macro   0x000000000000ff9e       0xf5 ./Core/Src/main.o
 .debug_macro   0x0000000000010093       0x8e ./Core/Src/main.o
 .debug_macro   0x0000000000010121       0x6a ./Core/Src/main.o
 .debug_macro   0x000000000001018b       0x52 ./Core/Src/main.o
 .debug_macro   0x00000000000101dd       0x18 ./Core/Src/main.o
 .debug_macro   0x00000000000101f5       0x3c ./Core/Src/main.o
 .debug_macro   0x0000000000010231       0x34 ./Core/Src/main.o
 .debug_macro   0x0000000000010265       0x16 ./Core/Src/main.o
 .debug_macro   0x000000000001027b       0x43 ./Core/Src/main.o
 .debug_macro   0x00000000000102be       0x34 ./Core/Src/main.o
 .debug_macro   0x00000000000102f2       0x10 ./Core/Src/main.o
 .debug_macro   0x0000000000010302       0x58 ./Core/Src/main.o
 .debug_macro   0x000000000001035a       0x71 ./Core/Src/main.o
 .debug_macro   0x00000000000103cb       0x1c ./Core/Src/main.o
 .debug_macro   0x00000000000103e7      0x12a ./Core/Src/main.o
 .debug_macro   0x0000000000010511      0x341 ./Core/Src/main.o
 .debug_macro   0x0000000000010852       0x10 ./Core/Src/main.o
 .debug_macro   0x0000000000010862       0x35 ./Core/Src/main.o
 .debug_macro   0x0000000000010897       0x20 ./Core/Src/main.o
 .debug_macro   0x00000000000108b7      0x202 ./Core/Src/sd.o
 .debug_macro   0x0000000000010ab9       0x16 ./Core/Src/sd.o
 .debug_macro   0x0000000000010acf       0x7c ./Core/Src/sd.o
 .debug_macro   0x0000000000010b4b      0x1cd ./Core/Src/stm32f0xx_hal_msp.o
 .debug_macro   0x0000000000010d18      0x1d7 ./Core/Src/stm32f0xx_it.o
 .debug_macro   0x0000000000010eef      0x1c3 ./Core/Src/system_stm32f0xx.o
 .debug_macro   0x00000000000110b2      0x1e7 ./Drivers/STM32F0xx_HAL_Driver/Src/stm32f0xx_hal.o
 .debug_macro   0x0000000000011299      0x1c3 ./Drivers/STM32F0xx_HAL_Driver/Src/stm32f0xx_hal_cortex.o
 .debug_macro   0x000000000001145c      0x1ca ./Drivers/STM32F0xx_HAL_Driver/Src/stm32f0xx_hal_gpio.o
 .debug_macro   0x0000000000011626      0x1d5 ./Drivers/STM32F0xx_HAL_Driver/Src/stm32f0xx_hal_rcc.o
 .debug_macro   0x00000000000117fb      0x1c3 ./Drivers/STM32F0xx_HAL_Driver/Src/stm32f0xx_hal_rcc_ex.o
 .debug_macro   0x00000000000119be      0x1cb ./Drivers/STM32F0xx_HAL_Driver/Src/stm32f0xx_hal_spi.o
 .debug_macro   0x0000000000011b89      0x1e0 ./Drivers/STM32F0xx_HAL_Driver/Src/stm32f0xx_hal_uart.o
 .debug_macro   0x0000000000011d69      0x220 ./FATFS/App/fatfs.o
 .debug_macro   0x0000000000011f89       0xd8 ./FATFS/App/fatfs.o
 .debug_macro   0x0000000000012061      0x2db ./FATFS/Target/user_diskio.o
 .debug_macro   0x000000000001233c       0x4f ./FATFS/Target/user_diskio.o
 .debug_macro   0x000000000001238b      0x20d ./Middlewares/Third_Party/FatFs/src/diskio.o
 .debug_macro   0x0000000000012598      0x454 ./Middlewares/Third_Party/FatFs/src/ff.o
 .debug_macro   0x00000000000129ec       0x58 ./Middlewares/Third_Party/FatFs/src/ff.o
 .debug_macro   0x0000000000012a44      0x20d ./Middlewares/Third_Party/FatFs/src/ff_gen_drv.o
 .debug_macro   0x0000000000012c51      0x1fb ./Middlewares/Third_Party/FatFs/src/option/ccsbcs.o

.debug_line     0x0000000000000000    0x10d88
 .debug_line    0x0000000000000000      0xa33 ./Core/Src/main.o
 .debug_line    0x0000000000000a33      0xd8b ./Core/Src/sd.o
 .debug_line    0x00000000000017be      0x779 ./Core/Src/stm32f0xx_hal_msp.o
 .debug_line    0x0000000000001f37      0x797 ./Core/Src/stm32f0xx_it.o
 .debug_line    0x00000000000026ce      0x74f ./Core/Src/system_stm32f0xx.o
 .debug_line    0x0000000000002e1d       0x89 ./Core/Startup/startup_stm32f051r8tx.o
 .debug_line    0x0000000000002ea6      0x95a ./Drivers/STM32F0xx_HAL_Driver/Src/stm32f0xx_hal.o
 .debug_line    0x0000000000003800      0xa06 ./Drivers/STM32F0xx_HAL_Driver/Src/stm32f0xx_hal_cortex.o
 .debug_line    0x0000000000004206      0xad5 ./Drivers/STM32F0xx_HAL_Driver/Src/stm32f0xx_hal_gpio.o
 .debug_line    0x0000000000004cdb      0xd42 ./Drivers/STM32F0xx_HAL_Driver/Src/stm32f0xx_hal_rcc.o
 .debug_line    0x0000000000005a1d      0x900 ./Drivers/STM32F0xx_HAL_Driver/Src/stm32f0xx_hal_rcc_ex.o
 .debug_line    0x000000000000631d     0x1eae ./Drivers/STM32F0xx_HAL_Driver/Src/stm32f0xx_hal_spi.o
 .debug_line    0x00000000000081cb     0x2be6 ./Drivers/STM32F0xx_HAL_Driver/Src/stm32f0xx_hal_uart.o
 .debug_line    0x000000000000adb1      0x77b ./FATFS/App/fatfs.o
 .debug_line    0x000000000000b52c      0x8fe ./FATFS/Target/user_diskio.o
 .debug_line    0x000000000000be2a      0x7eb ./Middlewares/Third_Party/FatFs/src/diskio.o
 .debug_line    0x000000000000c615     0x377e ./Middlewares/Third_Party/FatFs/src/ff.o
 .debug_line    0x000000000000fd93      0x808 ./Middlewares/Third_Party/FatFs/src/ff_gen_drv.o
 .debug_line    0x000000000001059b      0x7ed ./Middlewares/Third_Party/FatFs/src/option/ccsbcs.o

.debug_str      0x0000000000000000    0x6b7ef
 .debug_str     0x0000000000000000    0x68d1d ./Core/Src/main.o
                                      0x69079 (size before relaxing)
 .debug_str     0x0000000000068d1d      0x1f4 ./Core/Src/sd.o
                                      0x65703 (size before relaxing)
 .debug_str     0x0000000000068f11       0x8d ./Core/Src/stm32f0xx_hal_msp.o
                                      0x654fd (size before relaxing)
 .debug_str     0x0000000000068f9e       0xab ./Core/Src/stm32f0xx_it.o
                                      0x64f1a (size before relaxing)
 .debug_str     0x0000000000069049       0x8b ./Core/Src/system_stm32f0xx.o
                                      0x64eb3 (size before relaxing)
 .debug_str     0x00000000000690d4       0x36 ./Core/Startup/startup_stm32f051r8tx.o
                                         0x75 (size before relaxing)
 .debug_str     0x000000000006910a      0x4d7 ./Drivers/STM32F0xx_HAL_Driver/Src/stm32f0xx_hal.o
                                      0x65479 (size before relaxing)
 .debug_str     0x00000000000695e1      0x1be ./Drivers/STM32F0xx_HAL_Driver/Src/stm32f0xx_hal_cortex.o
                                      0x6526a (size before relaxing)
 .debug_str     0x000000000006979f      0x113 ./Drivers/STM32F0xx_HAL_Driver/Src/stm32f0xx_hal_gpio.o
                                      0x65054 (size before relaxing)
 .debug_str     0x00000000000698b2      0x21a ./Drivers/STM32F0xx_HAL_Driver/Src/stm32f0xx_hal_rcc.o
                                      0x652ef (size before relaxing)
 .debug_str     0x0000000000069acc       0x97 ./Drivers/STM32F0xx_HAL_Driver/Src/stm32f0xx_hal_rcc_ex.o
                                      0x6500e (size before relaxing)
 .debug_str     0x0000000000069b63      0x56a ./Drivers/STM32F0xx_HAL_Driver/Src/stm32f0xx_hal_spi.o
                                      0x65823 (size before relaxing)
 .debug_str     0x000000000006a0cd      0x861 ./Drivers/STM32F0xx_HAL_Driver/Src/stm32f0xx_hal_uart.o
                                      0x65c17 (size before relaxing)
 .debug_str     0x000000000006a92e       0x74 ./FATFS/App/fatfs.o
                                      0x6572b (size before relaxing)
 .debug_str     0x000000000006a9a2       0x69 ./FATFS/Target/user_diskio.o
                                      0x684ba (size before relaxing)
 .debug_str     0x000000000006aa0b       0x52 ./Middlewares/Third_Party/FatFs/src/diskio.o
                                      0x65651 (size before relaxing)
 .debug_str     0x000000000006aa5d      0xcae ./Middlewares/Third_Party/FatFs/src/ff.o
                                      0x6650f (size before relaxing)
 .debug_str     0x000000000006b70b       0x91 ./Middlewares/Third_Party/FatFs/src/ff_gen_drv.o
                                      0x656a2 (size before relaxing)
 .debug_str     0x000000000006b79c       0x53 ./Middlewares/Third_Party/FatFs/src/option/ccsbcs.o
                                      0x65430 (size before relaxing)

.comment        0x0000000000000000       0x50
 .comment       0x0000000000000000       0x50 ./Core/Src/main.o
                                         0x51 (size before relaxing)
 .comment       0x0000000000000050       0x51 ./Core/Src/sd.o
 .comment       0x0000000000000050       0x51 ./Core/Src/stm32f0xx_hal_msp.o
 .comment       0x0000000000000050       0x51 ./Core/Src/stm32f0xx_it.o
 .comment       0x0000000000000050       0x51 ./Core/Src/system_stm32f0xx.o
 .comment       0x0000000000000050       0x51 ./Drivers/STM32F0xx_HAL_Driver/Src/stm32f0xx_hal.o
 .comment       0x0000000000000050       0x51 ./Drivers/STM32F0xx_HAL_Driver/Src/stm32f0xx_hal_cortex.o
 .comment       0x0000000000000050       0x51 ./Drivers/STM32F0xx_HAL_Driver/Src/stm32f0xx_hal_gpio.o
 .comment       0x0000000000000050       0x51 ./Drivers/STM32F0xx_HAL_Driver/Src/stm32f0xx_hal_rcc.o
 .comment       0x0000000000000050       0x51 ./Drivers/STM32F0xx_HAL_Driver/Src/stm32f0xx_hal_rcc_ex.o
 .comment       0x0000000000000050       0x51 ./Drivers/STM32F0xx_HAL_Driver/Src/stm32f0xx_hal_spi.o
 .comment       0x0000000000000050       0x51 ./Drivers/STM32F0xx_HAL_Driver/Src/stm32f0xx_hal_uart.o
 .comment       0x0000000000000050       0x51 ./FATFS/App/fatfs.o
 .comment       0x0000000000000050       0x51 ./FATFS/Target/user_diskio.o
 .comment       0x0000000000000050       0x51 ./Middlewares/Third_Party/FatFs/src/diskio.o
 .comment       0x0000000000000050       0x51 ./Middlewares/Third_Party/FatFs/src/ff.o
 .comment       0x0000000000000050       0x51 ./Middlewares/Third_Party/FatFs/src/ff_gen_drv.o
 .comment       0x0000000000000050       0x51 ./Middlewares/Third_Party/FatFs/src/option/ccsbcs.o

.debug_frame    0x0000000000000000     0x2828
 .debug_frame   0x0000000000000000       0xc4 ./Core/Src/main.o
 .debug_frame   0x00000000000000c4      0x230 ./Core/Src/sd.o
 .debug_frame   0x00000000000002f4       0xb0 ./Core/Src/stm32f0xx_hal_msp.o
 .debug_frame   0x00000000000003a4       0xb8 ./Core/Src/stm32f0xx_it.o
 .debug_frame   0x000000000000045c       0x4c ./Core/Src/system_stm32f0xx.o
 .debug_frame   0x00000000000004a8      0x2a4 ./Drivers/STM32F0xx_HAL_Driver/Src/stm32f0xx_hal.o
 .debug_frame   0x000000000000074c      0x2a0 ./Drivers/STM32F0xx_HAL_Driver/Src/stm32f0xx_hal_cortex.o
 .debug_frame   0x00000000000009ec      0x110 ./Drivers/STM32F0xx_HAL_Driver/Src/stm32f0xx_hal_gpio.o
 .debug_frame   0x0000000000000afc      0x198 ./Drivers/STM32F0xx_HAL_Driver/Src/stm32f0xx_hal_rcc.o
 .debug_frame   0x0000000000000c94       0x70 ./Drivers/STM32F0xx_HAL_Driver/Src/stm32f0xx_hal_rcc_ex.o
 .debug_frame   0x0000000000000d04      0x710 ./Drivers/STM32F0xx_HAL_Driver/Src/stm32f0xx_hal_spi.o
 .debug_frame   0x0000000000001414      0x850 ./Drivers/STM32F0xx_HAL_Driver/Src/stm32f0xx_hal_uart.o
 .debug_frame   0x0000000000001c64       0x48 ./FATFS/App/fatfs.o
 .debug_frame   0x0000000000001cac       0xb0 ./FATFS/Target/user_diskio.o
 .debug_frame   0x0000000000001d5c       0xdc ./Middlewares/Third_Party/FatFs/src/diskio.o
 .debug_frame   0x0000000000001e38      0x888 ./Middlewares/Third_Party/FatFs/src/ff.o
 .debug_frame   0x00000000000026c0       0xac ./Middlewares/Third_Party/FatFs/src/ff_gen_drv.o
 .debug_frame   0x000000000000276c       0x50 ./Middlewares/Third_Party/FatFs/src/option/ccsbcs.o
 .debug_frame   0x00000000000027bc       0x2c c:/st/stm32cubeide_1.12.0/stm32cubeide/plugins/com.st.stm32cube.ide.mcu.externaltools.gnu-tools-for-stm32.10.3-2021.10.win32_1.0.200.202301161003/tools/bin/../lib/gcc/arm-none-eabi/10.3.1/../../../../arm-none-eabi/lib/thumb/v6-m/nofp\libc_nano.a(lib_a-init.o)
 .debug_frame   0x00000000000027e8       0x20 c:/st/stm32cubeide_1.12.0/stm32cubeide/plugins/com.st.stm32cube.ide.mcu.externaltools.gnu-tools-for-stm32.10.3-2021.10.win32_1.0.200.202301161003/tools/bin/../lib/gcc/arm-none-eabi/10.3.1/../../../../arm-none-eabi/lib/thumb/v6-m/nofp\libc_nano.a(lib_a-memset.o)
 .debug_frame   0x0000000000002808       0x20 c:/st/stm32cubeide_1.12.0/stm32cubeide/plugins/com.st.stm32cube.ide.mcu.externaltools.gnu-tools-for-stm32.10.3-2021.10.win32_1.0.200.202301161003/tools/bin/../lib/gcc/arm-none-eabi/10.3.1/thumb/v6-m/nofp\libgcc.a(_udivsi3.o)
