../Core/Src/sd.c:22:13:SELECT	8	static
../Core/Src/sd.c:28:13:DESELECT	8	static
../Core/Src/sd.c:34:13:SPI_TxByte	16	static
../Core/Src/sd.c:41:16:SPI_RxByte	24	static
../Core/Src/sd.c:54:13:SPI_RxBytePtr	16	static
../Core/Src/sd.c:60:16:SD_ReadyWait	24	static
../Core/Src/sd.c:78:13:SD_PowerOn	32	static
../Core/Src/sd.c:121:13:SD_PowerOff	8	static
../Core/Src/sd.c:127:16:SD_CheckPower	8	static
../Core/Src/sd.c:134:13:SD_RxDataBlock	32	static
../Core/Src/sd.c:166:13:SD_TxDataBlock	32	static
../Core/Src/sd.c:217:13:SD_SendCmd	32	static
../Core/Src/sd.c:263:9:SD_disk_initialize	32	static
../Core/Src/sd.c:366:9:SD_disk_status	16	static
../Core/Src/sd.c:375:9:SD_disk_read	24	static
../Core/Src/sd.c:419:9:SD_disk_write	24	static
../Core/Src/sd.c:474:9:SD_disk_ioctl	56	static
